Running 68 searches (2026-10-10T18:40:01+00:00)
  [1/68]    one-way  HND→SEA Feb 20: USD 764  EVA Air
  [2/68]    one-way  HND→SEA Feb 21: USD 813  China Airlines
  [3/68]    one-way  HND→SEA Feb 22: USD 747  China Airlines
  [4/68]    one-way  HND→YVR Feb 20: USD 892  EVA Air
  [5/68]    one-way  HND→YVR Feb 21: USD 779  China Airlines
  [6/68]    one-way  HND→YVR Feb 22: USD 734  China Airlines
  [7/68]    one-way  NRT→SEA Feb 20: USD 764  EVA Air
  [8/68]    one-way  NRT→SEA Feb 21: USD 775  Korean Air
  [9/68]    one-way  NRT→SEA Feb 22: ERROR JSONDecodeError: Extra data: line 1 column 235 (char 234)
  [10/68]    one-way  NRT→YVR Feb 20: USD 740  Trinity Airways
  [11/68]    one-way  NRT→YVR Feb 21: USD 728  Trinity Airways
  [12/68]    one-way  NRT→YVR Feb 22: USD 713  Trinity Airways
  [13/68]    one-way  SEA→CTS Feb 12: USD 541  Korean Air
  [14/68]    one-way  SEA→CTS Feb 13: USD 541  Korean Air
  [15/68]    one-way  SEA→CTS Feb 14: USD 488  ANA
  [16/68]    one-way  SEA→CTS Feb 15: USD 488  ANA
  [17/68]    one-way  YVR→CTS Feb 12: USD 684  JAL, Jetstar
  [18/68]    one-way  YVR→CTS Feb 13: USD 684  JAL, Jetstar
  [19/68]    one-way  YVR→CTS Feb 14: USD 709  ANA
  [20/68]    one-way  YVR→CTS Feb 15: USD 709  ANA
  [21/68] multi-city  SEA→CTS Feb 12  +  HND→SEA Feb 20: USD 1,379  ANA, Air Do
  [22/68] multi-city  SEA→CTS Feb 12  +  HND→SEA Feb 21: USD 1,499  ANA, Air Do
  [23/68] multi-city  SEA→CTS Feb 12  +  HND→SEA Feb 22: USD 1,379  JAL
  [24/68] multi-city  SEA→CTS Feb 12  +  NRT→SEA Feb 20: USD 1,361  JAL
  [25/68] multi-city  SEA→CTS Feb 12  +  NRT→SEA Feb 21: USD 1,486  JAL
  [26/68] multi-city  SEA→CTS Feb 12  +  NRT→SEA Feb 22: USD 1,289  Air Canada
  [27/68] multi-city  SEA→CTS Feb 13  +  HND→SEA Feb 20: USD 1,625  JAL
  [28/68] multi-city  SEA→CTS Feb 13  +  HND→SEA Feb 21: USD 1,625  JAL
  [29/68] multi-city  SEA→CTS Feb 13  +  HND→SEA Feb 22: USD 1,496  JAL
  [30/68] multi-city  SEA→CTS Feb 13  +  NRT→SEA Feb 20: USD 1,361  JAL
  [31/68] multi-city  SEA→CTS Feb 13  +  NRT→SEA Feb 21: USD 1,486  JAL
  [32/68] multi-city  SEA→CTS Feb 13  +  NRT→SEA Feb 22: USD 1,238  Air Canada
  [33/68] multi-city  SEA→CTS Feb 14  +  HND→SEA Feb 20: USD 1,329  ANA, Air Do
  [34/68] multi-city  SEA→CTS Feb 14  +  HND→SEA Feb 21: USD 1,425  JAL
  [35/68] multi-city  SEA→CTS Feb 14  +  HND→SEA Feb 22: USD 1,296  JAL
  [36/68] multi-city  SEA→CTS Feb 14  +  NRT→SEA Feb 20: USD 1,191  JAL
  [37/68] multi-city  SEA→CTS Feb 14  +  NRT→SEA Feb 21: USD 1,286  JAL
  [38/68] multi-city  SEA→CTS Feb 14  +  NRT→SEA Feb 22: USD 883  Air Canada
  [39/68] multi-city  SEA→CTS Feb 15  +  HND→SEA Feb 20: USD 1,329  ANA, Air Do
  [40/68] multi-city  SEA→CTS Feb 15  +  HND→SEA Feb 21: USD 1,449  JAL
  [41/68] multi-city  SEA→CTS Feb 15  +  HND→SEA Feb 22: USD 1,296  JAL
  [42/68] multi-city  SEA→CTS Feb 15  +  NRT→SEA Feb 20: USD 1,190  JAL
  [43/68] multi-city  SEA→CTS Feb 15  +  NRT→SEA Feb 21: USD 1,356  JAL
  [44/68] multi-city  SEA→CTS Feb 15  +  NRT→SEA Feb 22: USD 883  Air Canada
  [45/68] multi-city  YVR→CTS Feb 12  +  HND→YVR Feb 20: USD 1,379  ANA
  [46/68] multi-city  YVR→CTS Feb 12  +  HND→YVR Feb 21: USD 1,379  ANA
  [47/68] multi-city  YVR→CTS Feb 12  +  HND→YVR Feb 22: USD 1,379  JAL
  [48/68] multi-city  YVR→CTS Feb 12  +  NRT→YVR Feb 20: USD 1,193  Korean Air
  [49/68] multi-city  YVR→CTS Feb 12  +  NRT→YVR Feb 21: USD 1,193  Korean Air
  [50/68] multi-city  YVR→CTS Feb 12  +  NRT→YVR Feb 22: USD 1,157  Korean Air
  [51/68] multi-city  YVR→CTS Feb 13  +  HND→YVR Feb 20: USD 1,379  ANA
  [52/68] multi-city  YVR→CTS Feb 13  +  HND→YVR Feb 21: USD 1,379  ANA
  [53/68] multi-city  YVR→CTS Feb 13  +  HND→YVR Feb 22: USD 1,341  JAL
  [54/68] multi-city  YVR→CTS Feb 13  +  NRT→YVR Feb 20: USD 1,254  JAL
  [55/68] multi-city  YVR→CTS Feb 13  +  NRT→YVR Feb 21: USD 1,254  Air Canada
  [56/68] multi-city  YVR→CTS Feb 13  +  NRT→YVR Feb 22: USD 1,186  JAL
  [57/68] multi-city  YVR→CTS Feb 14  +  HND→YVR Feb 20: USD 1,781  United
  [58/68] multi-city  YVR→CTS Feb 14  +  HND→YVR Feb 21: USD 1,381  JAL
  [59/68] multi-city  YVR→CTS Feb 14  +  HND→YVR Feb 22: USD 1,339  JAL
  [60/68] multi-city  YVR→CTS Feb 14  +  NRT→YVR Feb 20: USD 1,193  Korean Air
  [61/68] multi-city  YVR→CTS Feb 14  +  NRT→YVR Feb 21: USD 1,193  Korean Air
  [62/68] multi-city  YVR→CTS Feb 14  +  NRT→YVR Feb 22: USD 1,157  Korean Air
  [63/68] multi-city  YVR→CTS Feb 15  +  HND→YVR Feb 20: USD 1,850  JAL
  [64/68] multi-city  YVR→CTS Feb 15  +  HND→YVR Feb 21: USD 1,666  Air Canada
  [65/68] multi-city  YVR→CTS Feb 15  +  HND→YVR Feb 22: USD 1,290  JAL
  [66/68] multi-city  YVR→CTS Feb 15  +  NRT→YVR Feb 20: USD 1,026  Air Canada
  [67/68] multi-city  YVR→CTS Feb 15  +  NRT→YVR Feb 21: USD 1,026  Air Canada
  [68/68] multi-city  YVR→CTS Feb 15  +  NRT→YVR Feb 22: USD 974  Air Canada
Done: 67 prices saved, 1 errors.

ALERTS:
  SEA Feb 14–Feb 22: USD 883 (1 ticket · home from NRT) — under target 900
  SEA Feb 15–Feb 22: USD 883 (1 ticket · home from NRT) — under target 900
Report written: /home/runner/work/sapporo-fare-watch/sapporo-fare-watch/report.html
